[biorob2.epfl.ch/pages/projects/index.html]
[backblue.gif]
[fade.gif]
[index.html]
[www.epfl.ch/css/epfl.css]
[www.epfl.ch/css/sti.css]
[www.epfl.ch/css/print.css]
[biorob2.epfl.ch/css/jahia2010.css]
[biorob2.epfl.ch/css/wp2018.css]
[www.epfl.ch/js/jquery-epfl.min.js]
[www.epfl.ch/js/globalnav.js]
[www.epfl.ch/img/epfl_small.png]
[biorob2.epfl.ch/css/font-awesome.min.css]
[biorob2.epfl.ch/pages/projects/index0f58.html]
[biorob2.epfl.ch/pages/projects/index35bc.html]
[biorob2.epfl.ch/pages/projects/index654e.html]
[biorob2.epfl.ch/pages/projects/index453e.html]
[biorob2.epfl.ch/pages/projects/indexa554.html]
[biorob2.epfl.ch/pages/projects/index25cc.html]
[biorob2.epfl.ch/pages/projects/index71cb.html]
[biorob2.epfl.ch/pages/projects/indexf3f0.html]
[biorob2.epfl.ch/pages/projects/indexcad6.html]
[biorob2.epfl.ch/pages/projects/index1642.html]
[biorob2.epfl.ch/pages/projects/index181f.html]
[biorob2.epfl.ch/pages/projects/indexa4e0.html]
[biorob2.epfl.ch/pages/projects/index8f5f.html]
[biorob2.epfl.ch/pages/projects/indexd63f.html]
[biorob2.epfl.ch/pages/projects/index69c4.html]
[biorob2.epfl.ch/pages/projects/index55b7.html]
[biorob2.epfl.ch/pages/projects/index69a4.html]
[biorob2.epfl.ch/pages/projects/index3a50.html]
[biorob2.epfl.ch/pages/projects/indexbe33.html]
[biorob2.epfl.ch/pages/projects/index2af6.html]
[biorob2.epfl.ch/pages/projects/index94f3.html]
[biorob2.epfl.ch/pages/projects/index39aa.html]
[biorob2.epfl.ch/pages/projects/index7ddb.html]
[biorob2.epfl.ch/pages/projects/index9b14.html]
[biorob2.epfl.ch/pages/projects/indexf8f3.html]
[biorob2.epfl.ch/pages/projects/indexcc67.html]
[biorob2.epfl.ch/pages/projects/indexb975.html]
[biorob2.epfl.ch/pages/projects/index79fe.html]
[biorob2.epfl.ch/pages/projects/indexff97.html]
[biorob2.epfl.ch/pages/projects/index541d.html]
[biorob2.epfl.ch/pages/projects/index2bfb.html]
[biorob2.epfl.ch/pages/projects/index8057.html]
[biorob2.epfl.ch/pages/projects/indexde80.html]
[biorob2.epfl.ch/pages/projects/index0d10.html]
[biorob2.epfl.ch/pages/projects/index7e40.html]
[biorob2.epfl.ch/pages/projects/index3104.html]
[biorob2.epfl.ch/pages/projects/index8457.html]
[biorob2.epfl.ch/pages/projects/index2bb5.html]
[biorob2.epfl.ch/pages/projects/index8832.html]
[biorob2.epfl.ch/pages/projects/index06f8.html]
[biorob2.epfl.ch/pages/projects/indexd13b.html]
[biorob2.epfl.ch/pages/projects/indexc8b8.html]
[biorob2.epfl.ch/pages/projects/indexa788.html]
[biorob2.epfl.ch/pages/projects/index9c73.html]
[biorob2.epfl.ch/pages/projects/index4a8c.html]
[biorob2.epfl.ch/pages/projects/indexf87c.html]
[biorob2.epfl.ch/pages/projects/index89e1.html]
[biorob2.epfl.ch/pages/projects/index0b2c.html]
[biorob2.epfl.ch/pages/projects/indexbdfc.html]
[biorob2.epfl.ch/pages/projects/index0f68.html]
[biorob2.epfl.ch/pages/projects/index4ad0.html]
[biorob2.epfl.ch/pages/projects/indexdc9b.html]
[biorob2.epfl.ch/pages/projects/indexf885.html]
[biorob2.epfl.ch/pages/projects/indexfdb8.html]
[www.epfl.ch/labs/biorob/wp-content/themes/epfl-master/assets/js/navigation4a7d.js]
[www.epfl.ch/labs/biorob/wp-content/themes/epfl-master/assets/js/main.js]
[biorob2.epfl.ch/pages/projects/index.html]
[www.epfl.ch/img/underline.gif]
[www.epfl.ch/img/underline-hover.png]
[www.epfl.ch/img/icons-all.png]
[www.epfl.ch/img/icons-plancours.png]
[www.epfl.ch/img/sprites-arrow.png]
[www.epfl.ch/img/magnifier.png]
[www.epfl.ch/img/epfl.png]
[www.epfl.ch/img/arrow-menu.gif]
[www.epfl.ch/img/arrow-menu-on.gif]
[www.epfl.ch/img/search.png]
[www.epfl.ch/img/separator.png]
[www.epfl.ch/img/slash.png]
[www.epfl.ch/img/social-networks.png]
[www.epfl.ch/img/homepage-icons.png]
[www.epfl.ch/img/dropdown.png]
[www.epfl.ch/img/vertical-nav.gif]
[www.epfl.ch/img/close.png]
[www.epfl.ch/img/bubble_arrow_top.png]
[www.epfl.ch/img/bubble_arrow_down.png]
[www.epfl.ch/img/dot.png]
[www.epfl.ch/img/underline-white.gif]
[www.epfl.ch/img/arrow-more.gif]
[www.epfl.ch/img/arrow-more-white.gif]
[www.epfl.ch/img/icon_video.png]
[www.epfl.ch/img/news-categories-fr.png]
[www.epfl.ch/img/news-categories-en.png]
[www.epfl.ch/img/main-navigation.png]
[www.epfl.ch/img/arrow-login.png]
[www.epfl.ch/css/epfl.css]
[www.epfl.ch/img/news-categories-en-bw.png]
[www.epfl.ch/img/news-categories-fr-bw.png]
[www.epfl.ch/css/sti.css]
[www.epfl.ch/css/print.css]
[biorob2.epfl.ch/css/jahia2010.css]
[biorob2.epfl.ch/css/wp2018.css]
[biorob2.epfl.ch/css/font-awesome.min.css]
[biorob2.epfl.ch/pages/projects/index-2.html]
[biorob2.epfl.ch/pages/projects/index0f58.html]
[biorob2.epfl.ch/pages/projects/index35bc.html]
[biorob2.epfl.ch/pages/projects/index654e.html]
[biorob2.epfl.ch/pages/projects/index453e.html]
[biorob2.epfl.ch/pages/projects/indexa554.html]
[biorob2.epfl.ch/pages/projects/index25cc.html]
[biorob2.epfl.ch/pages/projects/index71cb.html]
[biorob2.epfl.ch/pages/projects/indexf3f0.html]
[biorob2.epfl.ch/pages/projects/indexcad6.html]
[biorob2.epfl.ch/pages/projects/index1642.html]
[biorob2.epfl.ch/pages/projects/index181f.html]
[biorob2.epfl.ch/pages/projects/indexa4e0.html]
[biorob2.epfl.ch/pages/projects/index8f5f.html]
[biorob2.epfl.ch/pages/projects/indexd63f.html]
[biorob2.epfl.ch/pages/projects/index69c4.html]
[biorob2.epfl.ch/pages/projects/index55b7.html]
[biorob2.epfl.ch/pages/projects/index69a4.html]
[biorob2.epfl.ch/pages/projects/index3a50.html]
[biorob2.epfl.ch/pages/projects/indexbe33.html]
[biorob2.epfl.ch/pages/projects/index2af6.html]
[biorob2.epfl.ch/pages/projects/index94f3.html]
[biorob2.epfl.ch/pages/projects/index39aa.html]
[biorob2.epfl.ch/pages/projects/index7ddb.html]
[biorob2.epfl.ch/pages/projects/index9b14.html]
[biorob2.epfl.ch/pages/projects/indexf8f3.html]
[biorob2.epfl.ch/pages/projects/indexcc67.html]
[biorob2.epfl.ch/pages/projects/indexb975.html]
[biorob2.epfl.ch/pages/projects/index79fe.html]
[biorob2.epfl.ch/pages/projects/indexff97.html]
[biorob2.epfl.ch/pages/projects/index541d.html]
[biorob2.epfl.ch/pages/projects/index2bfb.html]
[biorob2.epfl.ch/pages/projects/index8057.html]
[biorob2.epfl.ch/pages/projects/indexde80.html]
[biorob2.epfl.ch/pages/projects/index0d10.html]
[biorob2.epfl.ch/pages/projects/index7e40.html]
[biorob2.epfl.ch/pages/projects/index3104.html]
[biorob2.epfl.ch/pages/projects/index8457.html]
[biorob2.epfl.ch/pages/projects/index2bb5.html]
[biorob2.epfl.ch/pages/projects/index8832.html]
[biorob2.epfl.ch/pages/projects/index06f8.html]
[biorob2.epfl.ch/pages/projects/indexd13b.html]
[biorob2.epfl.ch/pages/projects/indexc8b8.html]
[biorob2.epfl.ch/pages/projects/indexa788.html]
[biorob2.epfl.ch/pages/projects/index9c73.html]
[biorob2.epfl.ch/pages/projects/index4a8c.html]
[biorob2.epfl.ch/pages/projects/indexf87c.html]
[biorob2.epfl.ch/pages/projects/index89e1.html]
[biorob2.epfl.ch/pages/projects/index0b2c.html]
[biorob2.epfl.ch/pages/projects/indexbdfc.html]
[biorob2.epfl.ch/pages/projects/index0f68.html]
[biorob2.epfl.ch/pages/projects/index4ad0.html]
[biorob2.epfl.ch/pages/projects/indexdc9b.html]
[biorob2.epfl.ch/pages/projects/indexf885.html]
[biorob2.epfl.ch/pages/projects/indexfdb8.html]
[www.epfl.ch/labs/biorob/wp-content/themes/epfl-master/assets/js/navigation4a7d.html]
[www.epfl.ch/labs/biorob/wp-content/themes/epfl-master/assets/js/main.html]
[biorob2.epfl.ch/pages/projects/index-2.html]
[jahia-prod.epfl.ch/templates/epfl/img/icon_home_white.png]
